// Jest Snapshot v1, https://goo.gl/fbAQLP

exports[`Pruebas en el componente <Banner /> debe hacer crear el snapshot 1`] = `
<header
  className="banner"
  style={
    Object {
      "backgroundImage": "url(https://image.tmdb.org/t/p/original/undefined)",
      "backgroundPosition": "center center",
      "backgroundSize": "cover",
      "transition": "all 0.8s",
      "transitionTimingFunction": "ease-in-out",
    }
  }
>
  <div
    className="banner__contents"
  >
    <h1
      className="banner__title"
    />
    <div
      className="banner__buttons"
    >
      <button
        className="banner__button"
      >
        Play
      </button>
      <button
        className="banner__button"
      >
        My list
      </button>
    </div>
    <h1
      className="banner__description"
    />
  </div>
  <div
    className="banner--fadeBottom"
  />
</header>
`;
